// Jest Snapshot v1, https://goo.gl/fbAQLP

exports[`<Tile /> component ... should match snapshot 1`] = `
<div
  aria-label="Tile"
  className="tile"
  onClick={[Function]}
  onKeyDown={[Function]}
  role="button"
  tabIndex={0}
/>
`;
