// Jest Snapshot v1, https://goo.gl/fbAQLP

exports[`<Header /> component ... should match snapshot 1`] = `
<div
  className="header"
>
  <div
    className="header__children"
  />
</div>
`;
